// Jest Snapshot v1, https://goo.gl/fbAQLP

exports[`Should render component 1`] = `
<div
  className="card-panel row"
>
  <div
    className="col-9"
  >
    <div
      className="card"
    >
      <div
        className="bg-transparent border-secondary card-header card-header-default semi-bold text-secondary"
      >
        open-processes-summary
      </div>
      <div
        className="card-body"
      >
        <div
          className="d-flex justify-content-start row"
          style={
            Object {
              "marginTop": "8px",
            }
          }
        >
          <div
            className="border col-2 summary-card"
            style={
              Object {
                "marginLeft": "16px",
              }
            }
          >
            <span
              className="regular-text semi-bold text-secondary"
            >
              total-open
            </span>
            <div
              className=""
            >
              <span
                className="font-weight-normal"
                style={
                  Object {
                    "fontSize": "2.5rem",
                  }
                }
              >
                15
              </span>
              <span
                className="regular-text text-secondary"
              >
                items
              </span>
            </div>
          </div>
          <div
            className="border col-2 summary-card"
            style={
              Object {
                "marginLeft": "16px",
              }
            }
          >
            <span
              className="regular-text semi-bold text-secondary"
            >
              on-time
            </span>
            <div
              className=""
            >
              <span
                className="font-weight-normal"
                style={
                  Object {
                    "fontSize": "2.5rem",
                  }
                }
              >
                82
              </span>
              <span
                className="regular-text text-secondary"
              >
                items
              </span>
            </div>
          </div>
          <div
            className="border col-2 summary-card"
            style={
              Object {
                "marginLeft": "16px",
              }
            }
          >
            <span
              className="regular-text semi-bold text-secondary"
            >
              overdue
            </span>
            <div
              className=""
            >
              <span
                className="font-weight-normal"
                style={
                  Object {
                    "fontSize": "2.5rem",
                  }
                }
              >
                33
              </span>
              <span
                className="regular-text text-secondary"
              >
                items
              </span>
            </div>
          </div>
        </div>
        <div
          className="col-12"
          style={
            Object {
              "paddingTop": "30px",
            }
          }
        >
          <div />
        </div>
      </div>
    </div>
  </div>
</div>
`;
